{
    "ID": "05c280eb2aff8782cc71f21eec5274ab9d1f2e50",
    "molecule": "O    0.00000000000000e+00   0.00000000000000e+00   0.00000000000000e+00\nH    9.00000000000000e-01   0.00000000000000e+00   0.00000000000000e+00\nH    0.00000000000000e+00   0.00000000000000e+00   9.00000000000000e-01",
    "model": "HF/STO-3G",
    "frag_energies": {
        "E(0,)": -74.93702733066864
    },
    "n-body_energies": {
        "V_1B": -74.93702733066864
    },
    "individual_n-body_energies": {
        "V(0,)_1B": -74.93702733066864
    }
}