 U^T*U: 
     1.0000     0.0005    -0.0007     0.0002     0.0005    -0.0002    -0.0006     0.0002    -0.0007
     0.0005     1.0000    -0.0001     0.0001     0.0009    -0.0000     0.0005     0.0000     0.0007
    -0.0007    -0.0001     1.0000    -0.0004     0.0006    -0.0000     0.0004    -0.0005     0.0004
     0.0002     0.0001    -0.0004     1.0000    -0.0009     0.0006     0.0006    -0.0004     0.0001
     0.0005     0.0009     0.0006    -0.0009     1.0000     0.0003    -0.0007     0.0004    -0.0006
    -0.0002    -0.0000    -0.0000     0.0006     0.0003     1.0000     0.0008    -0.0001     0.0003
    -0.0006     0.0005     0.0004     0.0006    -0.0007     0.0008     1.0000    -0.0000    -0.0000
     0.0002     0.0000    -0.0005    -0.0004     0.0004    -0.0001    -0.0000     1.0000    -0.0002
    -0.0007     0.0007     0.0004     0.0001    -0.0006     0.0003    -0.0000    -0.0002     1.0000

w[1] =    429.8200 cm^{-1} ~    618.4151 kelvin
w[2] =    430.0000 cm^{-1} ~    618.6741 kelvin
w[3] =    602.0600 cm^{-1} ~    866.2301 kelvin
w[4] =    602.1200 cm^{-1} ~    866.3164 kelvin
w[5] =    602.2400 cm^{-1} ~    866.4890 kelvin
w[6] =    962.6300 cm^{-1} ~   1385.0099 kelvin
w[7] =   1081.6800 cm^{-1} ~   1556.2963 kelvin
w[8] =   1082.7700 cm^{-1} ~   1557.8645 kelvin
w[9] =   1083.5400 cm^{-1} ~   1558.9724 kelvin

 nconfigs:         8192
 CPU TIME (seconds):   0.421516985    
