{
    "ID": "865098545a4d1623c8ff613212bf68e2e999e3d9",
    "molecule": "O   -5.90075300000000e-04   0.00000000000000e+00  -4.52674000000000e-04\nH    9.25610245700000e-01   0.00000000000000e+00  -2.48113235200000e-01\nH   -9.30743000000000e-05   0.00000000000000e+00   9.58286909200000e-01\nO   -5.90075300000000e-04   2.00000000000000e+00  -4.52674000000000e-04\nH    9.25610245700000e-01   2.00000000000000e+00  -2.48113235200000e-01\nH   -9.30743000000000e-05   2.00000000000000e+00   9.58286909200000e-01\nO   -5.90075300000000e-04   4.00000000000000e+00  -4.52674000000000e-04\nH    9.25610245700000e-01   4.00000000000000e+00  -2.48113235200000e-01\nH   -9.30743000000000e-05   4.00000000000000e+00   9.58286909200000e-01",
    "model": "HF/STO-3G",
    "frag_energies": {
        "E(0,)": -74.9712406875842,
        "E(1,)": -74.97915969516654,
        "E(2,)": -74.97124068764566,
        "E(0, 1)": -149.87898503170112,
        "E(0, 2)": -149.94091507114297,
        "E(1, 2)": -149.87898503191502,
        "E(0, 1, 2)": -224.77596731403776
    },
    "n-body_energies": {
        "V_1B": -224.9216410703964,
        "V_2B": 0.144397006033671,
        "V_3B": 0.001276750324961995
    },
    "individual_n-body_energies": {
        "V(0,)_1B": -74.9712406875842,
        "V(1,)_1B": -74.97915969516654,
        "V(2,)_1B": -74.97124068764566,
        "V(0, 1)_2B": 0.07141535104960894,
        "V(0, 2)_2B": 0.0015663040869071665,
        "V(1, 2)_2B": 0.07141535089718332,
        "V(0, 1, 2)_3B": 0.001276750324961995
    }
}