 U^T*U: 
     1.0000     0.0000     0.0000
     0.0000     1.0000    -0.0000
     0.0000    -0.0000     1.0000

w[1] =   1628.4400 cm^{-1} ~   2342.9619 kelvin
w[2] =   3589.3600 cm^{-1} ~   5164.2884 kelvin
w[3] =   3692.4400 cm^{-1} ~   5312.5976 kelvin

 T =      0.0000 kelvin 
d(w[1],T) =     67.3880
d(w[2],T) =     30.5729
d(w[3],T) =     29.7195
T =   5312.5976 kelvin
d(w[1],T) =    310.5379
d(w[2],T) =     67.7788
d(w[3],T) =     64.3115
 A =      0.0000 
d(w[1],T) =     67.3880
d(w[2],T) =     30.5729
d(w[3],T) =     29.7195
 nconfigs:            3
 CPU TIME (seconds):    1.11900014E-03
