 U^T*U: 
     1.0000     0.0000     0.0000
     0.0000     1.0000    -0.0000
     0.0000    -0.0000     1.0000

w[1] =   1628.4400 cm^{-1} ~   2342.9619 kelvin
w[2] =   3589.3600 cm^{-1} ~   5164.2884 kelvin
w[3] =   3692.4400 cm^{-1} ~   5312.5976 kelvin

 T =      0.0000 kelvin 
d(w[1],T) =     67.3880
d(w[2],T) =     30.5729
d(w[3],T) =     29.7195
T =     84.3269 kelvin
d(w[1],T) =     67.3880
d(w[2],T) =     30.5729
d(w[3],T) =     29.7195
T =    168.6539 kelvin
d(w[1],T) =     67.3881
d(w[2],T) =     30.5729
d(w[3],T) =     29.7195
T =    252.9808 kelvin
d(w[1],T) =     67.4008
d(w[2],T) =     30.5729
d(w[3],T) =     29.7195
T =    337.3078 kelvin
d(w[1],T) =     67.5178
d(w[2],T) =     30.5730
d(w[3],T) =     29.7195
T =    421.6347 kelvin
d(w[1],T) =     67.9104
d(w[2],T) =     30.5732
d(w[3],T) =     29.7197
T =    505.9617 kelvin
d(w[1],T) =     68.7147
d(w[2],T) =     30.5752
d(w[3],T) =     29.7211
T =    590.2886 kelvin
d(w[1],T) =     69.9828
d(w[2],T) =     30.5827
d(w[3],T) =     29.7268
T =    674.6156 kelvin
d(w[1],T) =     71.7030
d(w[2],T) =     30.6019
d(w[3],T) =     29.7421
T =    758.9425 kelvin
d(w[1],T) =     73.8322
d(w[2],T) =     30.6408
d(w[3],T) =     29.7737
T =    843.2695 kelvin
d(w[1],T) =     76.3173
d(w[2],T) =     30.7071
d(w[3],T) =     29.8288
T =    927.5964 kelvin
d(w[1],T) =     79.1062
d(w[2],T) =     30.8074
d(w[3],T) =     29.9136
T =   1011.9233 kelvin
d(w[1],T) =     82.1523
d(w[2],T) =     30.9467
d(w[3],T) =     30.0330
T =   1096.2503 kelvin
d(w[1],T) =     85.4156
d(w[2],T) =     31.1281
d(w[3],T) =     30.1903
T =   1180.5772 kelvin
d(w[1],T) =     88.8626
d(w[2],T) =     31.3530
d(w[3],T) =     30.3872
T =   1264.9042 kelvin
d(w[1],T) =     92.4656
d(w[2],T) =     31.6216
d(w[3],T) =     30.6243
T =   1349.2311 kelvin
d(w[1],T) =     96.2015
d(w[2],T) =     31.9332
d(w[3],T) =     30.9014
T =   1433.5581 kelvin
d(w[1],T) =    100.0513
d(w[2],T) =     32.2863
d(w[3],T) =     31.2172
T =   1517.8850 kelvin
d(w[1],T) =    103.9992
d(w[2],T) =     32.6790
d(w[3],T) =     31.5702
T =   1602.2120 kelvin
d(w[1],T) =    108.0321
d(w[2],T) =     33.1092
d(w[3],T) =     31.9587
T =   1686.5389 kelvin
d(w[1],T) =    112.1389
d(w[2],T) =     33.5745
d(w[3],T) =     32.3806
T =   1770.8659 kelvin
d(w[1],T) =    116.3104
d(w[2],T) =     34.0726
d(w[3],T) =     32.8338
T =   1855.1928 kelvin
d(w[1],T) =    120.5387
d(w[2],T) =     34.6014
d(w[3],T) =     33.3163
T =   1939.5197 kelvin
d(w[1],T) =    124.8171
d(w[2],T) =     35.1585
d(w[3],T) =     33.8262
T =   2023.8467 kelvin
d(w[1],T) =    129.1401
d(w[2],T) =     35.7420
d(w[3],T) =     34.3615
T =   2108.1736 kelvin
d(w[1],T) =    133.5026
d(w[2],T) =     36.3500
d(w[3],T) =     34.9204
T =   2192.5006 kelvin
d(w[1],T) =    137.9006
d(w[2],T) =     36.9806
d(w[3],T) =     35.5012
T =   2276.8275 kelvin
d(w[1],T) =    142.3303
d(w[2],T) =     37.6321
d(w[3],T) =     36.1023
T =   2361.1545 kelvin
d(w[1],T) =    146.7886
d(w[2],T) =     38.3030
d(w[3],T) =     36.7224
T =   2445.4814 kelvin
d(w[1],T) =    151.2727
d(w[2],T) =     38.9920
d(w[3],T) =     37.3600
T =   2529.8084 kelvin
d(w[1],T) =    155.7802
d(w[2],T) =     39.6976
d(w[3],T) =     38.0138
T =   2614.1353 kelvin
d(w[1],T) =    160.3089
d(w[2],T) =     40.4187
d(w[3],T) =     38.6828
T =   2698.4623 kelvin
d(w[1],T) =    164.8570
d(w[2],T) =     41.1542
d(w[3],T) =     39.3659
T =   2782.7892 kelvin
d(w[1],T) =    169.4228
d(w[2],T) =     41.9030
d(w[3],T) =     40.0621
T =   2867.1161 kelvin
d(w[1],T) =    174.0048
d(w[2],T) =     42.6643
d(w[3],T) =     40.7706
T =   2951.4431 kelvin
d(w[1],T) =    178.6017
d(w[2],T) =     43.4372
d(w[3],T) =     41.4904
T =   3035.7700 kelvin
d(w[1],T) =    183.2123
d(w[2],T) =     44.2209
d(w[3],T) =     42.2208
T =   3120.0970 kelvin
d(w[1],T) =    187.8354
d(w[2],T) =     45.0147
d(w[3],T) =     42.9612
T =   3204.4239 kelvin
d(w[1],T) =    192.4702
d(w[2],T) =     45.8179
d(w[3],T) =     43.7108
T =   3288.7509 kelvin
d(w[1],T) =    197.1159
d(w[2],T) =     46.6300
d(w[3],T) =     44.4692
T =   3373.0778 kelvin
d(w[1],T) =    201.7715
d(w[2],T) =     47.4504
d(w[3],T) =     45.2358
T =   3457.4048 kelvin
d(w[1],T) =    206.4364
d(w[2],T) =     48.2785
d(w[3],T) =     46.0099
T =   3541.7317 kelvin
d(w[1],T) =    211.1100
d(w[2],T) =     49.1138
d(w[3],T) =     46.7913
T =   3626.0587 kelvin
d(w[1],T) =    215.7916
d(w[2],T) =     49.9561
d(w[3],T) =     47.5795
T =   3710.3856 kelvin
d(w[1],T) =    220.4808
d(w[2],T) =     50.8047
d(w[3],T) =     48.3740
T =   3794.7125 kelvin
d(w[1],T) =    225.1770
d(w[2],T) =     51.6594
d(w[3],T) =     49.1745
T =   3879.0395 kelvin
d(w[1],T) =    229.8799
d(w[2],T) =     52.5199
d(w[3],T) =     49.9806
T =   3963.3664 kelvin
d(w[1],T) =    234.5889
d(w[2],T) =     53.3857
d(w[3],T) =     50.7921
T =   4047.6934 kelvin
d(w[1],T) =    239.3037
d(w[2],T) =     54.2566
d(w[3],T) =     51.6086
T =   4132.0203 kelvin
d(w[1],T) =    244.0240
d(w[2],T) =     55.1323
d(w[3],T) =     52.4299
T =   4216.3473 kelvin
d(w[1],T) =    248.7494
d(w[2],T) =     56.0126
d(w[3],T) =     53.2557
T =   4300.6742 kelvin
d(w[1],T) =    253.4796
d(w[2],T) =     56.8971
d(w[3],T) =     54.0858
T =   4385.0012 kelvin
d(w[1],T) =    258.2145
d(w[2],T) =     57.7858
d(w[3],T) =     54.9199
T =   4469.3281 kelvin
d(w[1],T) =    262.9536
d(w[2],T) =     58.6783
d(w[3],T) =     55.7578
T =   4553.6551 kelvin
d(w[1],T) =    267.6968
d(w[2],T) =     59.5745
d(w[3],T) =     56.5994
T =   4637.9820 kelvin
d(w[1],T) =    272.4439
d(w[2],T) =     60.4742
d(w[3],T) =     57.4445
T =   4722.3090 kelvin
d(w[1],T) =    277.1947
d(w[2],T) =     61.3772
d(w[3],T) =     58.2929
T =   4806.6359 kelvin
d(w[1],T) =    281.9489
d(w[2],T) =     62.2834
d(w[3],T) =     59.1444
T =   4890.9628 kelvin
d(w[1],T) =    286.7064
d(w[2],T) =     63.1925
d(w[3],T) =     59.9989
T =   4975.2898 kelvin
d(w[1],T) =    291.4670
d(w[2],T) =     64.1046
d(w[3],T) =     60.8562
T =   5059.6167 kelvin
d(w[1],T) =    296.2306
d(w[2],T) =     65.0194
d(w[3],T) =     61.7163
T =   5143.9437 kelvin
d(w[1],T) =    300.9971
d(w[2],T) =     65.9367
d(w[3],T) =     62.5789
T =   5228.2706 kelvin
d(w[1],T) =    305.7662
d(w[2],T) =     66.8566
d(w[3],T) =     63.4440
T =   5312.5976 kelvin
d(w[1],T) =    310.5379
d(w[2],T) =     67.7788
d(w[3],T) =     64.3115
 A =      0.0000 
d(w[1],T) =     67.3880
d(w[2],T) =     30.5729
d(w[3],T) =     29.7195
A =      0.0317
d(w[1],T) =     67.3880
d(w[2],T) =     30.5729
d(w[3],T) =     29.7195
A =      0.0635
d(w[1],T) =     67.3880
d(w[2],T) =     30.5730
d(w[3],T) =     29.7195
A =      0.0952
d(w[1],T) =     67.3917
d(w[2],T) =     30.5746
d(w[3],T) =     29.7211
A =      0.1270
d(w[1],T) =     67.4393
d(w[2],T) =     30.5962
d(w[3],T) =     29.7421
A =      0.1587
d(w[1],T) =     67.6359
d(w[2],T) =     30.6854
d(w[3],T) =     29.8288
A =      0.1905
d(w[1],T) =     68.0990
d(w[2],T) =     30.8955
d(w[3],T) =     30.0330
A =      0.2222
d(w[1],T) =     68.9020
d(w[2],T) =     31.2598
d(w[3],T) =     30.3872
A =      0.2540
d(w[1],T) =     70.0680
d(w[2],T) =     31.7888
d(w[3],T) =     30.9014
A =      0.2857
d(w[1],T) =     71.5846
d(w[2],T) =     32.4769
d(w[3],T) =     31.5702
A =      0.3175
d(w[1],T) =     73.4220
d(w[2],T) =     33.3105
d(w[3],T) =     32.3806
A =      0.3492
d(w[1],T) =     75.5438
d(w[2],T) =     34.2731
d(w[3],T) =     33.3163
A =      0.3810
d(w[1],T) =     77.9136
d(w[2],T) =     35.3483
d(w[3],T) =     34.3615
A =      0.4127
d(w[1],T) =     80.4978
d(w[2],T) =     36.5207
d(w[3],T) =     35.5012
A =      0.4444
d(w[1],T) =     83.2669
d(w[2],T) =     37.7770
d(w[3],T) =     36.7224
A =      0.4762
d(w[1],T) =     86.1953
d(w[2],T) =     39.1055
d(w[3],T) =     38.0138
A =      0.5079
d(w[1],T) =     89.2611
d(w[2],T) =     40.4965
d(w[3],T) =     39.3659
A =      0.5397
d(w[1],T) =     92.4460
d(w[2],T) =     41.9414
d(w[3],T) =     40.7706
A =      0.5714
d(w[1],T) =     95.7344
d(w[2],T) =     43.4333
d(w[3],T) =     42.2208
A =      0.6032
d(w[1],T) =     99.1131
d(w[2],T) =     44.9661
d(w[3],T) =     43.7108
A =      0.6349
d(w[1],T) =    102.5707
d(w[2],T) =     46.5348
d(w[3],T) =     45.2358
A =      0.6667
d(w[1],T) =    106.0979
d(w[2],T) =     48.1351
d(w[3],T) =     46.7913
A =      0.6984
d(w[1],T) =    109.6865
d(w[2],T) =     49.7632
d(w[3],T) =     48.3740
A =      0.7302
d(w[1],T) =    113.3296
d(w[2],T) =     51.4160
d(w[3],T) =     49.9806
A =      0.7619
d(w[1],T) =    117.0210
d(w[2],T) =     53.0907
d(w[3],T) =     51.6086
A =      0.7937
d(w[1],T) =    120.7557
d(w[2],T) =     54.7851
d(w[3],T) =     53.2557
A =      0.8254
d(w[1],T) =    124.5292
d(w[2],T) =     56.4971
d(w[3],T) =     54.9199
A =      0.8571
d(w[1],T) =    128.3376
d(w[2],T) =     58.2249
d(w[3],T) =     56.5994
A =      0.8889
d(w[1],T) =    132.1774
d(w[2],T) =     59.9669
d(w[3],T) =     58.2929
A =      0.9206
d(w[1],T) =    136.0457
d(w[2],T) =     61.7219
d(w[3],T) =     59.9989
A =      0.9524
d(w[1],T) =    139.9398
d(w[2],T) =     63.4887
d(w[3],T) =     61.7163
A =      0.9841
d(w[1],T) =    143.8575
d(w[2],T) =     65.2660
d(w[3],T) =     63.4440
A =      1.0159
d(w[1],T) =    147.7966
d(w[2],T) =     67.0532
d(w[3],T) =     65.1813
A =      1.0476
d(w[1],T) =    151.7554
d(w[2],T) =     68.8492
d(w[3],T) =     66.9272
A =      1.0794
d(w[1],T) =    155.7321
d(w[2],T) =     70.6534
d(w[3],T) =     68.6810
A =      1.1111
d(w[1],T) =    159.7254
d(w[2],T) =     72.4651
d(w[3],T) =     70.4421
A =      1.1429
d(w[1],T) =    163.7340
d(w[2],T) =     74.2837
d(w[3],T) =     72.2100
A =      1.1746
d(w[1],T) =    167.7566
d(w[2],T) =     76.1087
d(w[3],T) =     73.9840
A =      1.2063
d(w[1],T) =    171.7922
d(w[2],T) =     77.9396
d(w[3],T) =     75.7638
A =      1.2381
d(w[1],T) =    175.8399
d(w[2],T) =     79.7760
d(w[3],T) =     77.5489
A =      1.2698
d(w[1],T) =    179.8987
d(w[2],T) =     81.6174
d(w[3],T) =     79.3389
A =      1.3016
d(w[1],T) =    183.9680
d(w[2],T) =     83.4636
d(w[3],T) =     81.1336
A =      1.3333
d(w[1],T) =    188.0469
d(w[2],T) =     85.3141
d(w[3],T) =     82.9325
A =      1.3651
d(w[1],T) =    192.1349
d(w[2],T) =     87.1688
d(w[3],T) =     84.7353
A =      1.3968
d(w[1],T) =    196.2313
d(w[2],T) =     89.0273
d(w[3],T) =     86.5419
A =      1.4286
d(w[1],T) =    200.3356
d(w[2],T) =     90.8893
d(w[3],T) =     88.3520
A =      1.4603
d(w[1],T) =    204.4473
d(w[2],T) =     92.7548
d(w[3],T) =     90.1654
A =      1.4921
d(w[1],T) =    208.5660
d(w[2],T) =     94.6233
d(w[3],T) =     91.9818
A =      1.5238
d(w[1],T) =    212.6911
d(w[2],T) =     96.4949
d(w[3],T) =     93.8011
A =      1.5556
d(w[1],T) =    216.8225
d(w[2],T) =     98.3692
d(w[3],T) =     95.6230
A =      1.5873
d(w[1],T) =    220.9595
d(w[2],T) =    100.2461
d(w[3],T) =     97.4476
A =      1.6190
d(w[1],T) =    225.1021
d(w[2],T) =    102.1255
d(w[3],T) =     99.2745
A =      1.6508
d(w[1],T) =    229.2497
d(w[2],T) =    104.0072
d(w[3],T) =    101.1037
A =      1.6825
d(w[1],T) =    233.4022
d(w[2],T) =    105.8912
d(w[3],T) =    102.9351
A =      1.7143
d(w[1],T) =    237.5593
d(w[2],T) =    107.7772
d(w[3],T) =    104.7684
A =      1.7460
d(w[1],T) =    241.7208
d(w[2],T) =    109.6652
d(w[3],T) =    106.6037
A =      1.7778
d(w[1],T) =    245.8863
d(w[2],T) =    111.5550
d(w[3],T) =    108.4408
A =      1.8095
d(w[1],T) =    250.0558
d(w[2],T) =    113.4467
d(w[3],T) =    110.2796
A =      1.8413
d(w[1],T) =    254.2290
d(w[2],T) =    115.3400
d(w[3],T) =    112.1201
A =      1.8730
d(w[1],T) =    258.4057
d(w[2],T) =    117.2349
d(w[3],T) =    113.9621
A =      1.9048
d(w[1],T) =    262.5857
d(w[2],T) =    119.1313
d(w[3],T) =    115.8056
A =      1.9365
d(w[1],T) =    266.7690
d(w[2],T) =    121.0292
d(w[3],T) =    117.6505
A =      1.9683
d(w[1],T) =    270.9552
d(w[2],T) =    122.9284
d(w[3],T) =    119.4967
A =      2.0000
d(w[1],T) =    275.1444
d(w[2],T) =    124.8290
d(w[3],T) =    121.3442
 nconfigs:          128
 CPU TIME (seconds):    2.74999975E-03
