{
    "molecule": "O -5.90075300000000e-04  0.00000000000000e+00 -4.52674000000000e-04\nH  9.25610245700000e-01  0.00000000000000e+00 -2.48113235200000e-01\nH -9.30743000000000e-05  0.00000000000000e+00  9.58286909200000e-01\nO -5.90075300000000e-04  2.00000000000000e+00 -4.52674000000000e-04\nH  9.25610245700000e-01  2.00000000000000e+00 -2.48113235200000e-01\nH -9.30743000000000e-05  2.00000000000000e+00  9.58286909200000e-01",
    "frag_energies": {
        "E(0,)": -74.96309122143981,
        "E(1,)": -74.96309122143981,
        "E(0, 1)": -149.87016120146689
    },
    "n-body_energies": {
        "V_1B": -149.92618244287962,
        "V_2B": 0.056021241412736345
    },
    "k-body_energies": {
        "K(0,)_1B": -74.96309122143981,
        "K(1,)_1B": -74.96309122143981,
        "K(0, 1)_2B": 0.056021241412736345
    }
}