{
    "ID": "04f12f5542a48732e9ee6e0eadf8495f297e3bde",
    "molecule": "H    9.25610245700000e-01   0.00000000000000e+00  -2.48113235200000e-01\nH   -9.30743000000000e-05   0.00000000000000e+00   9.58286909200000e-01\nO   -5.90075300000000e-04   0.00000000000000e+00  -4.52674000000000e-04",
    "model": "HF/STO-3G",
    "frag_energies": {
        "E(0,)": -74.96309122144673
    },
    "n-body_energies": {
        "V_1B": -74.96309122144673
    },
    "individual_n-body_energies": {
        "V(0,)_1B": -74.96309122144673
    }
}