{
    "ID": "fe155ee697d3f0e7376eba816be40e192ce8a90c",
    "molecule": "O    8.64297000000000e-01  -1.71381800000000e+00  -4.73367000000000e-01\nH    1.68527300000000e+00  -1.20159100000000e+00  -3.01982000000000e-01\nH    1.14997000000000e+00  -2.58689700000000e+00  -7.56299000000000e-01\nO   -7.30697000000000e-01   4.05669000000000e-01  -1.63668400000000e+00\nH   -2.64780000000000e-01  -4.35767000000000e-01  -1.50730100000000e+00\nH   -1.61069500000000e+00   2.46805000000000e-01  -1.24492900000000e+00\nO   -7.02299000000000e-01  -4.94721000000000e-01   1.65945100000000e+00\nH   -2.01238000000000e-01  -1.09653500000000e+00   1.08595400000000e+00\nH   -2.82609000000000e-01   3.63229000000000e-01   1.49278700000000e+00",
    "model": "HF/STO-3G",
    "frag_energies": {
        "E(0,)": -74.97404202475576,
        "E(1,)": -74.96521501147205,
        "E(2,)": -74.96525927230618,
        "E(0, 1)": -149.94106268053088,
        "E(0, 2)": -149.9399388365233,
        "E(1, 2)": -149.9305912953417,
        "E(0, 1, 2)": -224.9066437642146
    },
    "n-body_energies": {
        "V_1B": -224.904516308534,
        "V_2B": -0.0025601953279306144,
        "V_3B": 0.0004327396473229328
    },
    "individual_n-body_energies": {
        "V(0,)_1B": -74.97404202475576,
        "V(1,)_1B": -74.96521501147205,
        "V(2,)_1B": -74.96525927230618,
        "V(0, 1)_2B": -0.0018056443030616265,
        "V(0, 2)_2B": -0.0006375394613655772,
        "V(1, 2)_2B": -0.00011701156347498909,
        "V(0, 1, 2)_3B": 0.0004327396473229328
    }
}